// Jest Snapshot v1, https://goo.gl/fbAQLP

exports[`It should not render anything 1`] = `null`;

exports[`It should render a div with className of Spinner-wrapper 1`] = `
<div
  className="Spinner-wrapper"
>
  <div
    className="Spinner"
  />
</div>
`;
