// Jest Snapshot v1, https://goo.gl/fbAQLP

exports[`It should always render an input 1`] = `
<input
  className="Input"
  id="email"
  name="email"
  onChange={[Function]}
  placeholder="email"
  type="email"
/>
`;
